// Jest Snapshot v1, https://goo.gl/fbAQLP

exports[`DividerBlock basic 1`] = `
<hr
  className="Draftail-DividerBlock"
/>
`;
