// Jest Snapshot v1, https://goo.gl/fbAQLP

exports[`getComponentWrapper works 1`] = `
<Wrapped
  test={true}
/>
`;
