// Jest Snapshot v1, https://goo.gl/fbAQLP

exports[`utils #getComponentWrapper 1`] = `
<Wrapped
  test={true}
/>
`;
